/opt/st/stm32cubeide_1.13.2/plugins/com.st.stm32cube.ide.mcu.externaltools.gnu-tools-for-stm32.11.3.rel1.linux64_1.1.1.202309131626/tools/arm-none-eabi/include/c++/11.3.1/cmath:165:3:constexpr float std::ceil(float)	16	static
/opt/st/stm32cubeide_1.13.2/plugins/com.st.stm32cube.ide.mcu.externaltools.gnu-tools-for-stm32.11.3.rel1.linux64_1.1.1.202309131626/tools/arm-none-eabi/include/c++/11.3.1/limits:1065:7:static constexpr int std::numeric_limits<int>::min()	4	static
/opt/st/stm32cubeide_1.13.2/plugins/com.st.stm32cube.ide.mcu.externaltools.gnu-tools-for-stm32.11.3.rel1.linux64_1.1.1.202309131626/tools/arm-none-eabi/include/c++/11.3.1/limits:1068:7:static constexpr int std::numeric_limits<int>::max()	4	static
/opt/st/stm32cubeide_1.13.2/plugins/com.st.stm32cube.ide.mcu.externaltools.gnu-tools-for-stm32.11.3.rel1.linux64_1.1.1.202309131626/tools/arm-none-eabi/include/c++/11.3.1/limits:1072:7:static constexpr int std::numeric_limits<int>::lowest()	8	static
/home/dell/COL788/Assignment1/Optimized_Transformer_code-master/tensorflow/tensorflow/lite/kernels/internal/types.h:137:3:tflite::RuntimeShape::RuntimeShape()	16	static
/home/dell/COL788/Assignment1/Optimized_Transformer_code-master/tensorflow/tensorflow/lite/kernels/internal/types.h:156:3:tflite::RuntimeShape::RuntimeShape(int, const int32*)	24	static
/home/dell/COL788/Assignment1/Optimized_Transformer_code-master/tensorflow/tensorflow/lite/kernels/internal/types.h:178:3:tflite::RuntimeShape::~RuntimeShape()	16	static
/home/dell/COL788/Assignment1/Optimized_Transformer_code-master/tensorflow/tensorflow/lite/kernels/internal/types.h:188:16:int32 tflite::RuntimeShape::DimensionsCount() const	16	static
/home/dell/COL788/Assignment1/Optimized_Transformer_code-master/tensorflow/tensorflow/lite/kernels/internal/types.h:189:16:int32 tflite::RuntimeShape::Dims(int) const	16	static
/home/dell/COL788/Assignment1/Optimized_Transformer_code-master/tensorflow/tensorflow/lite/kernels/internal/types.h:194:15:void tflite::RuntimeShape::SetDim(int, int32)	24	static
/home/dell/COL788/Assignment1/Optimized_Transformer_code-master/tensorflow/tensorflow/lite/kernels/internal/types.h:204:17:int32* tflite::RuntimeShape::DimsData()	16	static
/home/dell/COL788/Assignment1/Optimized_Transformer_code-master/tensorflow/tensorflow/lite/kernels/internal/types.h:207:23:const int32* tflite::RuntimeShape::DimsData() const	16	static
/home/dell/COL788/Assignment1/Optimized_Transformer_code-master/tensorflow/tensorflow/lite/kernels/internal/types.h:213:15:void tflite::RuntimeShape::Resize(int)	16	static
/home/dell/COL788/Assignment1/Optimized_Transformer_code-master/tensorflow/tensorflow/lite/kernels/internal/types.h:231:15:void tflite::RuntimeShape::ReplaceWith(int, const int32*)	32	static
/home/dell/COL788/Assignment1/Optimized_Transformer_code-master/tensorflow/tensorflow/lite/kernels/internal/types.h:254:30:static tflite::RuntimeShape tflite::RuntimeShape::ExtendedShape(int, const tflite::RuntimeShape&)	24	static
/home/dell/COL788/Assignment1/Optimized_Transformer_code-master/tensorflow/tensorflow/lite/kernels/internal/types.h:280:3:tflite::RuntimeShape::RuntimeShape(int, const tflite::RuntimeShape&, int)	40	static
/home/dell/COL788/Assignment1/Optimized_Transformer_code-master/tensorflow/tensorflow/lite/kernels/internal/strided_slice_logic.h:28:12:int tflite::strided_slice::Clamp(int, int, int)	24	static
/home/dell/COL788/Assignment1/Optimized_Transformer_code-master/tensorflow/tensorflow/lite/kernels/internal/strided_slice_logic.h:35:13:void tflite::strided_slice::StridedSlicePadIndices(tflite::StridedSliceParams*, int)	32	static
/home/dell/COL788/Assignment1/Optimized_Transformer_code-master/tensorflow/tensorflow/lite/kernels/internal/strided_slice_logic.h:74:12:int tflite::strided_slice::StartForAxis(const tflite::StridedSliceParams&, const tflite::RuntimeShape&, int)	48	static
/home/dell/COL788/Assignment1/Optimized_Transformer_code-master/tensorflow/tensorflow/lite/kernels/internal/strided_slice_logic.h:115:12:int tflite::strided_slice::StopForAxis(const tflite::StridedSliceParams&, const tflite::RuntimeShape&, int, int)	48	static
/home/dell/COL788/Assignment1/Optimized_Transformer_code-master/tensorflow/tensorflow/lite/kernels/internal/strided_slice_logic.h:170:13:bool tflite::strided_slice::LoopCondition(int, int, int)	24	static
/home/dell/COL788/Assignment1/Optimized_Transformer_code-master/tensorflow/tensorflow/lite/kernels/internal/tensor_ctypes.h:34:21:tflite::RuntimeShape tflite::GetTensorShape(const TfLiteTensor*)	32	static
/home/dell/COL788/Assignment1/Optimized_Transformer_code-master/tensorflow/tensorflow/lite/kernels/kernel_util.h:27:12:int tflite::NumDimensions(const TfLiteTensor*)	16	static
/home/dell/COL788/Assignment1/Optimized_Transformer_code-master/tensorflow/tensorflow/lite/kernels/kernel_util.h:31:28:const TfLiteTensor* tflite::GetInput(const TfLiteContext*, const TfLiteNode*, int)	24	static
/home/dell/COL788/Assignment1/Optimized_Transformer_code-master/tensorflow/tensorflow/lite/kernels/kernel_util.h:43:22:TfLiteTensor* tflite::GetOutput(TfLiteContext*, const TfLiteNode*, int)	24	static
/home/dell/COL788/Assignment1/Optimized_Transformer_code-master/tensorflow/tensorflow/lite/kernels/kernel_util.h:60:12:int tflite::NumInputs(const TfLiteNode*)	16	static
/home/dell/COL788/Assignment1/Optimized_Transformer_code-master/tensorflow/tensorflow/lite/kernels/kernel_util.h:61:12:int tflite::NumOutputs(const TfLiteNode*)	16	static
/home/dell/COL788/Assignment1/Optimized_Transformer_code-master/tensorflow/tensorflow/lite/micro/kernels/strided_slice.cc:42:3:tflite::ops::micro::strided_slice::StridedSliceContext::StridedSliceContext(TfLiteContext*, TfLiteNode*)	24	static
/home/dell/COL788/Assignment1/Optimized_Transformer_code-master/tensorflow/tensorflow/lite/micro/kernels/strided_slice.cc:64:28:tflite::StridedSliceParams tflite::ops::micro::strided_slice::BuildStridedSliceParams(tflite::ops::micro::strided_slice::StridedSliceContext*)	24	static
/home/dell/COL788/Assignment1/Optimized_Transformer_code-master/tensorflow/tensorflow/lite/micro/kernels/strided_slice.cc:88:14:TfLiteStatus tflite::ops::micro::strided_slice::CheckOutputSize(TfLiteContext*, tflite::ops::micro::strided_slice::StridedSliceContext*)	184	static
/home/dell/COL788/Assignment1/Optimized_Transformer_code-master/tensorflow/tensorflow/lite/micro/kernels/strided_slice.cc:123:14:TfLiteStatus tflite::ops::micro::strided_slice::Prepare(TfLiteContext*, TfLiteNode*)	72	static
/home/dell/COL788/Assignment1/Optimized_Transformer_code-master/tensorflow/tensorflow/lite/micro/kernels/strided_slice.cc:170:20:TfLiteRegistration tflite::ops::micro::Register_STRIDED_SLICE()	24	static
/home/dell/COL788/Assignment1/Optimized_Transformer_code-master/tensorflow/tensorflow/lite/kernels/internal/tensor_ctypes.h:29:17:const T* tflite::GetTensorData(const TfLiteTensor*) [with T = long int]	16	static
/home/dell/COL788/Assignment1/Optimized_Transformer_code-master/tensorflow/tensorflow/lite/micro/kernels/strided_slice.cc:133:14:TfLiteStatus tflite::ops::micro::strided_slice::Eval(TfLiteContext*, TfLiteNode*) [with tflite::ops::micro::strided_slice::KernelType kernel_type = tflite::ops::micro::strided_slice::kReference]	288	static
/home/dell/COL788/Assignment1/Optimized_Transformer_code-master/tensorflow/tensorflow/lite/kernels/internal/tensor_ctypes.h:29:17:const T* tflite::GetTensorData(const TfLiteTensor*) [with T = float]	16	static
/home/dell/COL788/Assignment1/Optimized_Transformer_code-master/tensorflow/tensorflow/lite/kernels/internal/tensor_ctypes.h:24:11:T* tflite::GetTensorData(TfLiteTensor*) [with T = float]	16	static
/home/dell/COL788/Assignment1/Optimized_Transformer_code-master/tensorflow/tensorflow/lite/kernels/internal/reference/strided_slice.h:27:13:void tflite::reference_ops::StridedSlice(const tflite::StridedSliceParams&, const tflite::RuntimeShape&, const T*, const tflite::RuntimeShape&, T*) [with T = float]	264	static
/home/dell/COL788/Assignment1/Optimized_Transformer_code-master/tensorflow/tensorflow/lite/kernels/internal/tensor_ctypes.h:29:17:const T* tflite::GetTensorData(const TfLiteTensor*) [with T = unsigned char]	16	static
/home/dell/COL788/Assignment1/Optimized_Transformer_code-master/tensorflow/tensorflow/lite/kernels/internal/tensor_ctypes.h:24:11:T* tflite::GetTensorData(TfLiteTensor*) [with T = unsigned char]	16	static
/home/dell/COL788/Assignment1/Optimized_Transformer_code-master/tensorflow/tensorflow/lite/kernels/internal/reference/strided_slice.h:27:13:void tflite::reference_ops::StridedSlice(const tflite::StridedSliceParams&, const tflite::RuntimeShape&, const T*, const tflite::RuntimeShape&, T*) [with T = unsigned char]	264	static
/home/dell/COL788/Assignment1/Optimized_Transformer_code-master/tensorflow/tensorflow/lite/kernels/internal/tensor_ctypes.h:29:17:const T* tflite::GetTensorData(const TfLiteTensor*) [with T = signed char]	16	static
/home/dell/COL788/Assignment1/Optimized_Transformer_code-master/tensorflow/tensorflow/lite/kernels/internal/tensor_ctypes.h:24:11:T* tflite::GetTensorData(TfLiteTensor*) [with T = signed char]	16	static
/home/dell/COL788/Assignment1/Optimized_Transformer_code-master/tensorflow/tensorflow/lite/kernels/internal/reference/strided_slice.h:27:13:void tflite::reference_ops::StridedSlice(const tflite::StridedSliceParams&, const tflite::RuntimeShape&, const T*, const tflite::RuntimeShape&, T*) [with T = signed char]	264	static
