/home/dell/COL788/COL788/Assignment1/Optimized_Transformer_code-master/Drivers/STM32L4xx_HAL_Driver/Src/stm32l4xx_ll_usb.c:82:19:USB_CoreInit	8	static
/home/dell/COL788/COL788/Assignment1/Optimized_Transformer_code-master/Drivers/STM32L4xx_HAL_Driver/Src/stm32l4xx_ll_usb.c:109:19:USB_SetTurnaroundTime	0	static
/home/dell/COL788/COL788/Assignment1/Optimized_Transformer_code-master/Drivers/STM32L4xx_HAL_Driver/Src/stm32l4xx_ll_usb.c:166:19:USB_EnableGlobalInt	0	static
/home/dell/COL788/COL788/Assignment1/Optimized_Transformer_code-master/Drivers/STM32L4xx_HAL_Driver/Src/stm32l4xx_ll_usb.c:177:19:USB_DisableGlobalInt	0	static
/home/dell/COL788/COL788/Assignment1/Optimized_Transformer_code-master/Drivers/STM32L4xx_HAL_Driver/Src/stm32l4xx_ll_usb.c:191:19:USB_SetCurrentMode	8	static
/home/dell/COL788/COL788/Assignment1/Optimized_Transformer_code-master/Drivers/STM32L4xx_HAL_Driver/Src/stm32l4xx_ll_usb.c:334:19:USB_FlushTxFifo	0	static
/home/dell/COL788/COL788/Assignment1/Optimized_Transformer_code-master/Drivers/STM32L4xx_HAL_Driver/Src/stm32l4xx_ll_usb.c:354:19:USB_FlushRxFifo	0	static
/home/dell/COL788/COL788/Assignment1/Optimized_Transformer_code-master/Drivers/STM32L4xx_HAL_Driver/Src/stm32l4xx_ll_usb.c:378:19:USB_SetDevSpeed	0	static
/home/dell/COL788/COL788/Assignment1/Optimized_Transformer_code-master/Drivers/STM32L4xx_HAL_Driver/Src/stm32l4xx_ll_usb.c:215:19:USB_DevInit	32	static
/home/dell/COL788/COL788/Assignment1/Optimized_Transformer_code-master/Drivers/STM32L4xx_HAL_Driver/Src/stm32l4xx_ll_usb.c:392:9:USB_GetDevSpeed	0	static
/home/dell/COL788/COL788/Assignment1/Optimized_Transformer_code-master/Drivers/STM32L4xx_HAL_Driver/Src/stm32l4xx_ll_usb.c:413:19:USB_ActivateEndpoint	12	static
/home/dell/COL788/COL788/Assignment1/Optimized_Transformer_code-master/Drivers/STM32L4xx_HAL_Driver/Src/stm32l4xx_ll_usb.c:449:19:USB_ActivateDedicatedEndpoint	20	static
/home/dell/COL788/COL788/Assignment1/Optimized_Transformer_code-master/Drivers/STM32L4xx_HAL_Driver/Src/stm32l4xx_ll_usb.c:486:19:USB_DeactivateEndpoint	8	static
/home/dell/COL788/COL788/Assignment1/Optimized_Transformer_code-master/Drivers/STM32L4xx_HAL_Driver/Src/stm32l4xx_ll_usb.c:534:19:USB_DeactivateDedicatedEndpoint	0	static
/home/dell/COL788/COL788/Assignment1/Optimized_Transformer_code-master/Drivers/STM32L4xx_HAL_Driver/Src/stm32l4xx_ll_usb.c:668:19:USB_EP0StartXfer	20	static
/home/dell/COL788/COL788/Assignment1/Optimized_Transformer_code-master/Drivers/STM32L4xx_HAL_Driver/Src/stm32l4xx_ll_usb.c:741:19:USB_WritePacket	0	static
/home/dell/COL788/COL788/Assignment1/Optimized_Transformer_code-master/Drivers/STM32L4xx_HAL_Driver/Src/stm32l4xx_ll_usb.c:571:19:USB_EPStartXfer	24	static
/home/dell/COL788/COL788/Assignment1/Optimized_Transformer_code-master/Drivers/STM32L4xx_HAL_Driver/Src/stm32l4xx_ll_usb.c:763:7:USB_ReadPacket	0	static
/home/dell/COL788/COL788/Assignment1/Optimized_Transformer_code-master/Drivers/STM32L4xx_HAL_Driver/Src/stm32l4xx_ll_usb.c:783:19:USB_EPSetStall	0	static
/home/dell/COL788/COL788/Assignment1/Optimized_Transformer_code-master/Drivers/STM32L4xx_HAL_Driver/Src/stm32l4xx_ll_usb.c:811:19:USB_EPClearStall	0	static
/home/dell/COL788/COL788/Assignment1/Optimized_Transformer_code-master/Drivers/STM32L4xx_HAL_Driver/Src/stm32l4xx_ll_usb.c:835:19:USB_StopDevice	8	static
/home/dell/COL788/COL788/Assignment1/Optimized_Transformer_code-master/Drivers/STM32L4xx_HAL_Driver/Src/stm32l4xx_ll_usb.c:872:19:USB_SetDevAddress	0	static
/home/dell/COL788/COL788/Assignment1/Optimized_Transformer_code-master/Drivers/STM32L4xx_HAL_Driver/Src/stm32l4xx_ll_usb.c:887:19:USB_DevConnect	0	static
/home/dell/COL788/COL788/Assignment1/Optimized_Transformer_code-master/Drivers/STM32L4xx_HAL_Driver/Src/stm32l4xx_ll_usb.c:903:19:USB_DevDisconnect	0	static
/home/dell/COL788/COL788/Assignment1/Optimized_Transformer_code-master/Drivers/STM32L4xx_HAL_Driver/Src/stm32l4xx_ll_usb.c:919:10:USB_ReadInterrupts	0	static
/home/dell/COL788/COL788/Assignment1/Optimized_Transformer_code-master/Drivers/STM32L4xx_HAL_Driver/Src/stm32l4xx_ll_usb.c:933:10:USB_ReadDevAllOutEpInterrupt	0	static
/home/dell/COL788/COL788/Assignment1/Optimized_Transformer_code-master/Drivers/STM32L4xx_HAL_Driver/Src/stm32l4xx_ll_usb.c:948:10:USB_ReadDevAllInEpInterrupt	0	static
/home/dell/COL788/COL788/Assignment1/Optimized_Transformer_code-master/Drivers/STM32L4xx_HAL_Driver/Src/stm32l4xx_ll_usb.c:965:10:USB_ReadDevOutEPInterrupt	0	static
/home/dell/COL788/COL788/Assignment1/Optimized_Transformer_code-master/Drivers/STM32L4xx_HAL_Driver/Src/stm32l4xx_ll_usb.c:982:10:USB_ReadDevInEPInterrupt	0	static
/home/dell/COL788/COL788/Assignment1/Optimized_Transformer_code-master/Drivers/STM32L4xx_HAL_Driver/Src/stm32l4xx_ll_usb.c:1000:6:USB_ClearInterrupts	0	static
/home/dell/COL788/COL788/Assignment1/Optimized_Transformer_code-master/Drivers/STM32L4xx_HAL_Driver/Src/stm32l4xx_ll_usb.c:1012:10:USB_GetMode	0	static
/home/dell/COL788/COL788/Assignment1/Optimized_Transformer_code-master/Drivers/STM32L4xx_HAL_Driver/Src/stm32l4xx_ll_usb.c:1021:19:USB_ActivateSetup	0	static
/home/dell/COL788/COL788/Assignment1/Optimized_Transformer_code-master/Drivers/STM32L4xx_HAL_Driver/Src/stm32l4xx_ll_usb.c:1038:19:USB_EP0_OutStart	0	static
/home/dell/COL788/COL788/Assignment1/Optimized_Transformer_code-master/Drivers/STM32L4xx_HAL_Driver/Src/stm32l4xx_ll_usb.c:1159:19:USB_InitFSLSPClkSel	8	static
/home/dell/COL788/COL788/Assignment1/Optimized_Transformer_code-master/Drivers/STM32L4xx_HAL_Driver/Src/stm32l4xx_ll_usb.c:1183:19:USB_ResetPort	24	static
/home/dell/COL788/COL788/Assignment1/Optimized_Transformer_code-master/Drivers/STM32L4xx_HAL_Driver/Src/stm32l4xx_ll_usb.c:1209:19:USB_DriveVbus	8	static
/home/dell/COL788/COL788/Assignment1/Optimized_Transformer_code-master/Drivers/STM32L4xx_HAL_Driver/Src/stm32l4xx_ll_usb.c:1094:19:USB_HostInit	16	static
/home/dell/COL788/COL788/Assignment1/Optimized_Transformer_code-master/Drivers/STM32L4xx_HAL_Driver/Src/stm32l4xx_ll_usb.c:1235:10:USB_GetHostSpeed	8	static
/home/dell/COL788/COL788/Assignment1/Optimized_Transformer_code-master/Drivers/STM32L4xx_HAL_Driver/Src/stm32l4xx_ll_usb.c:1248:10:USB_GetCurrentFrame	0	static
/home/dell/COL788/COL788/Assignment1/Optimized_Transformer_code-master/Drivers/STM32L4xx_HAL_Driver/Src/stm32l4xx_ll_usb.c:1277:19:USB_HC_Init	24	static
/home/dell/COL788/COL788/Assignment1/Optimized_Transformer_code-master/Drivers/STM32L4xx_HAL_Driver/Src/stm32l4xx_ll_usb.c:1381:19:USB_HC_StartXfer	32	static
/home/dell/COL788/COL788/Assignment1/Optimized_Transformer_code-master/Drivers/STM32L4xx_HAL_Driver/Src/stm32l4xx_ll_usb.c:1480:10:USB_HC_ReadInterrupt	0	static
/home/dell/COL788/COL788/Assignment1/Optimized_Transformer_code-master/Drivers/STM32L4xx_HAL_Driver/Src/stm32l4xx_ll_usb.c:1493:19:USB_HC_Halt	12	static
/home/dell/COL788/COL788/Assignment1/Optimized_Transformer_code-master/Drivers/STM32L4xx_HAL_Driver/Src/stm32l4xx_ll_usb.c:1552:19:USB_DoPing	0	static
/home/dell/COL788/COL788/Assignment1/Optimized_Transformer_code-master/Drivers/STM32L4xx_HAL_Driver/Src/stm32l4xx_ll_usb.c:1575:19:USB_StopHost	8	static
/home/dell/COL788/COL788/Assignment1/Optimized_Transformer_code-master/Drivers/STM32L4xx_HAL_Driver/Src/stm32l4xx_ll_usb.c:1626:19:USB_ActivateRemoteWakeup	0	static
/home/dell/COL788/COL788/Assignment1/Optimized_Transformer_code-master/Drivers/STM32L4xx_HAL_Driver/Src/stm32l4xx_ll_usb.c:1642:19:USB_DeActivateRemoteWakeup	0	static
