/home/dell/COL788/COL788/Optimized_Transformer_code-master/Drivers/STM32L4xx_HAL_Driver/Src/stm32l4xx_hal_sai.c:2232:13:SAI_FillFifo	16	static
/home/dell/COL788/COL788/Optimized_Transformer_code-master/Drivers/STM32L4xx_HAL_Driver/Src/stm32l4xx_hal_sai.c:2270:17:SAI_InterruptFlag	0	static
/home/dell/COL788/COL788/Optimized_Transformer_code-master/Drivers/STM32L4xx_HAL_Driver/Src/stm32l4xx_hal_sai.c:2300:26:SAI_Disable	0	static
/home/dell/COL788/COL788/Optimized_Transformer_code-master/Drivers/STM32L4xx_HAL_Driver/Src/stm32l4xx_hal_sai.c:785:13:HAL_SAI_MspInit	0	static
/home/dell/COL788/COL788/Optimized_Transformer_code-master/Drivers/STM32L4xx_HAL_Driver/Src/stm32l4xx_hal_sai.c:368:19:HAL_SAI_Init	24	static
/home/dell/COL788/COL788/Optimized_Transformer_code-master/Drivers/STM32L4xx_HAL_Driver/Src/stm32l4xx_hal_sai.c:331:19:HAL_SAI_InitProtocol	8	static
/home/dell/COL788/COL788/Optimized_Transformer_code-master/Drivers/STM32L4xx_HAL_Driver/Src/stm32l4xx_hal_sai.c:800:13:HAL_SAI_MspDeInit	0	static
/home/dell/COL788/COL788/Optimized_Transformer_code-master/Drivers/STM32L4xx_HAL_Driver/Src/stm32l4xx_hal_sai.c:716:19:HAL_SAI_DeInit	24	static
/home/dell/COL788/COL788/Optimized_Transformer_code-master/Drivers/STM32L4xx_HAL_Driver/Src/stm32l4xx_hal_sai.c:1040:19:HAL_SAI_Transmit	32	static
/home/dell/COL788/COL788/Optimized_Transformer_code-master/Drivers/STM32L4xx_HAL_Driver/Src/stm32l4xx_hal_sai.c:1140:19:HAL_SAI_Receive	32	static
/home/dell/COL788/COL788/Optimized_Transformer_code-master/Drivers/STM32L4xx_HAL_Driver/Src/stm32l4xx_hal_sai.c:1237:19:HAL_SAI_Transmit_IT	8	static
/home/dell/COL788/COL788/Optimized_Transformer_code-master/Drivers/STM32L4xx_HAL_Driver/Src/stm32l4xx_hal_sai.c:1290:19:HAL_SAI_Receive_IT	8	static
/home/dell/COL788/COL788/Optimized_Transformer_code-master/Drivers/STM32L4xx_HAL_Driver/Src/stm32l4xx_hal_sai.c:1339:19:HAL_SAI_DMAPause	0	static
/home/dell/COL788/COL788/Optimized_Transformer_code-master/Drivers/STM32L4xx_HAL_Driver/Src/stm32l4xx_hal_sai.c:1358:19:HAL_SAI_DMAResume	0	static
/home/dell/COL788/COL788/Optimized_Transformer_code-master/Drivers/STM32L4xx_HAL_Driver/Src/stm32l4xx_hal_sai.c:1383:19:HAL_SAI_DMAStop	8	static
/home/dell/COL788/COL788/Optimized_Transformer_code-master/Drivers/STM32L4xx_HAL_Driver/Src/stm32l4xx_hal_sai.c:1429:19:HAL_SAI_Abort	16	static
/home/dell/COL788/COL788/Optimized_Transformer_code-master/Drivers/STM32L4xx_HAL_Driver/Src/stm32l4xx_hal_sai.c:1484:19:HAL_SAI_Transmit_DMA	32	static
/home/dell/COL788/COL788/Optimized_Transformer_code-master/Drivers/STM32L4xx_HAL_Driver/Src/stm32l4xx_hal_sai.c:1564:19:HAL_SAI_Receive_DMA	16	static
/home/dell/COL788/COL788/Optimized_Transformer_code-master/Drivers/STM32L4xx_HAL_Driver/Src/stm32l4xx_hal_sai.c:1628:19:HAL_SAI_EnableTxMuteMode	0	static
/home/dell/COL788/COL788/Optimized_Transformer_code-master/Drivers/STM32L4xx_HAL_Driver/Src/stm32l4xx_hal_sai.c:1646:19:HAL_SAI_DisableTxMuteMode	0	static
/home/dell/COL788/COL788/Optimized_Transformer_code-master/Drivers/STM32L4xx_HAL_Driver/Src/stm32l4xx_hal_sai.c:1662:19:HAL_SAI_EnableRxMuteMode	8	static
/home/dell/COL788/COL788/Optimized_Transformer_code-master/Drivers/STM32L4xx_HAL_Driver/Src/stm32l4xx_hal_sai.c:1685:19:HAL_SAI_DisableRxMuteMode	0	static
/home/dell/COL788/COL788/Optimized_Transformer_code-master/Drivers/STM32L4xx_HAL_Driver/Src/stm32l4xx_hal_sai.c:1951:13:HAL_SAI_TxCpltCallback	0	static
/home/dell/COL788/COL788/Optimized_Transformer_code-master/Drivers/STM32L4xx_HAL_Driver/Src/stm32l4xx_hal_sai.c:2381:13:SAI_Transmit_IT32Bit	16	static
/home/dell/COL788/COL788/Optimized_Transformer_code-master/Drivers/STM32L4xx_HAL_Driver/Src/stm32l4xx_hal_sai.c:2352:13:SAI_Transmit_IT16Bit.part.0	8	static
/home/dell/COL788/COL788/Optimized_Transformer_code-master/Drivers/STM32L4xx_HAL_Driver/Src/stm32l4xx_hal_sai.c:2327:13:SAI_Transmit_IT8Bit	4	static
/home/dell/COL788/COL788/Optimized_Transformer_code-master/Drivers/STM32L4xx_HAL_Driver/Src/stm32l4xx_hal_sai.c:2352:13:SAI_Transmit_IT16Bit	4	static
/home/dell/COL788/COL788/Optimized_Transformer_code-master/Drivers/STM32L4xx_HAL_Driver/Src/stm32l4xx_hal_sai.c:2515:13:SAI_DMATxCplt	16	static
/home/dell/COL788/COL788/Optimized_Transformer_code-master/Drivers/STM32L4xx_HAL_Driver/Src/stm32l4xx_hal_sai.c:1966:13:HAL_SAI_TxHalfCpltCallback	0	static
/home/dell/COL788/COL788/Optimized_Transformer_code-master/Drivers/STM32L4xx_HAL_Driver/Src/stm32l4xx_hal_sai.c:2543:13:SAI_DMATxHalfCplt	8	static
/home/dell/COL788/COL788/Optimized_Transformer_code-master/Drivers/STM32L4xx_HAL_Driver/Src/stm32l4xx_hal_sai.c:1981:13:HAL_SAI_RxCpltCallback	0	static
/home/dell/COL788/COL788/Optimized_Transformer_code-master/Drivers/STM32L4xx_HAL_Driver/Src/stm32l4xx_hal_sai.c:2477:13:SAI_Receive_IT32Bit	8	static
/home/dell/COL788/COL788/Optimized_Transformer_code-master/Drivers/STM32L4xx_HAL_Driver/Src/stm32l4xx_hal_sai.c:2443:13:SAI_Receive_IT16Bit.part.0	8	static
/home/dell/COL788/COL788/Optimized_Transformer_code-master/Drivers/STM32L4xx_HAL_Driver/Src/stm32l4xx_hal_sai.c:2414:13:SAI_Receive_IT8Bit	0	static
/home/dell/COL788/COL788/Optimized_Transformer_code-master/Drivers/STM32L4xx_HAL_Driver/Src/stm32l4xx_hal_sai.c:2443:13:SAI_Receive_IT16Bit	4	static
/home/dell/COL788/COL788/Optimized_Transformer_code-master/Drivers/STM32L4xx_HAL_Driver/Src/stm32l4xx_hal_sai.c:2560:13:SAI_DMARxCplt	16	static
/home/dell/COL788/COL788/Optimized_Transformer_code-master/Drivers/STM32L4xx_HAL_Driver/Src/stm32l4xx_hal_sai.c:1996:13:HAL_SAI_RxHalfCpltCallback	0	static
/home/dell/COL788/COL788/Optimized_Transformer_code-master/Drivers/STM32L4xx_HAL_Driver/Src/stm32l4xx_hal_sai.c:2587:13:SAI_DMARxHalfCplt	8	static
/home/dell/COL788/COL788/Optimized_Transformer_code-master/Drivers/STM32L4xx_HAL_Driver/Src/stm32l4xx_hal_sai.c:2011:13:HAL_SAI_ErrorCallback	0	static
/home/dell/COL788/COL788/Optimized_Transformer_code-master/Drivers/STM32L4xx_HAL_Driver/Src/stm32l4xx_hal_sai.c:2604:13:SAI_DMAError	8	static
/home/dell/COL788/COL788/Optimized_Transformer_code-master/Drivers/STM32L4xx_HAL_Driver/Src/stm32l4xx_hal_sai.c:1702:6:HAL_SAI_IRQHandler	16	static
/home/dell/COL788/COL788/Optimized_Transformer_code-master/Drivers/STM32L4xx_HAL_Driver/Src/stm32l4xx_hal_sai.c:2638:13:SAI_DMAAbort	16	static
/home/dell/COL788/COL788/Optimized_Transformer_code-master/Drivers/STM32L4xx_HAL_Driver/Src/stm32l4xx_hal_sai.c:2045:22:HAL_SAI_GetState	0	static
/home/dell/COL788/COL788/Optimized_Transformer_code-master/Drivers/STM32L4xx_HAL_Driver/Src/stm32l4xx_hal_sai.c:2055:10:HAL_SAI_GetError	0	static
