/home/dell/COL788/COL788/Optimized_Transformer_code-master/Drivers/STM32L4xx_HAL_Driver/Src/stm32l4xx_hal_dfsdm.c:3281:13:DFSDM_RegConvStart	0	static
/home/dell/COL788/COL788/Optimized_Transformer_code-master/Drivers/STM32L4xx_HAL_Driver/Src/stm32l4xx_hal_dfsdm.c:3319:13:DFSDM_RegConvStop	0	static
/home/dell/COL788/COL788/Optimized_Transformer_code-master/Drivers/STM32L4xx_HAL_Driver/Src/stm32l4xx_hal_dfsdm.c:3353:13:DFSDM_InjConvStart	0	static
/home/dell/COL788/COL788/Optimized_Transformer_code-master/Drivers/STM32L4xx_HAL_Driver/Src/stm32l4xx_hal_dfsdm.c:3392:13:DFSDM_InjConvStop	0	static
/home/dell/COL788/COL788/Optimized_Transformer_code-master/Drivers/STM32L4xx_HAL_Driver/Src/stm32l4xx_hal_dfsdm.c:3243:17:DFSDM_GetChannelFromInstance	0	static
/home/dell/COL788/COL788/Optimized_Transformer_code-master/Drivers/STM32L4xx_HAL_Driver/Src/stm32l4xx_hal_dfsdm.c:540:13:HAL_DFSDM_ChannelMspInit	0	static
/home/dell/COL788/COL788/Optimized_Transformer_code-master/Drivers/STM32L4xx_HAL_Driver/Src/stm32l4xx_hal_dfsdm.c:362:19:HAL_DFSDM_ChannelInit	16	static
/home/dell/COL788/COL788/Optimized_Transformer_code-master/Drivers/STM32L4xx_HAL_Driver/Src/stm32l4xx_hal_dfsdm.c:555:13:HAL_DFSDM_ChannelMspDeInit	0	static
/home/dell/COL788/COL788/Optimized_Transformer_code-master/Drivers/STM32L4xx_HAL_Driver/Src/stm32l4xx_hal_dfsdm.c:487:19:HAL_DFSDM_ChannelDeInit	16	static
/home/dell/COL788/COL788/Optimized_Transformer_code-master/Drivers/STM32L4xx_HAL_Driver/Src/stm32l4xx_hal_dfsdm.c:732:19:HAL_DFSDM_ChannelCkabStart	24	static
/home/dell/COL788/COL788/Optimized_Transformer_code-master/Drivers/STM32L4xx_HAL_Driver/Src/stm32l4xx_hal_dfsdm.c:781:19:HAL_DFSDM_ChannelPollForCkab	24	static
/home/dell/COL788/COL788/Optimized_Transformer_code-master/Drivers/STM32L4xx_HAL_Driver/Src/stm32l4xx_hal_dfsdm.c:826:19:HAL_DFSDM_ChannelCkabStop	8	static
/home/dell/COL788/COL788/Optimized_Transformer_code-master/Drivers/STM32L4xx_HAL_Driver/Src/stm32l4xx_hal_dfsdm.c:859:19:HAL_DFSDM_ChannelCkabStart_IT	24	static
/home/dell/COL788/COL788/Optimized_Transformer_code-master/Drivers/STM32L4xx_HAL_Driver/Src/stm32l4xx_hal_dfsdm.c:910:13:HAL_DFSDM_ChannelCkabCallback	0	static
/home/dell/COL788/COL788/Optimized_Transformer_code-master/Drivers/STM32L4xx_HAL_Driver/Src/stm32l4xx_hal_dfsdm.c:926:19:HAL_DFSDM_ChannelCkabStop_IT	8	static
/home/dell/COL788/COL788/Optimized_Transformer_code-master/Drivers/STM32L4xx_HAL_Driver/Src/stm32l4xx_hal_dfsdm.c:963:19:HAL_DFSDM_ChannelScdStart	0	static
/home/dell/COL788/COL788/Optimized_Transformer_code-master/Drivers/STM32L4xx_HAL_Driver/Src/stm32l4xx_hal_dfsdm.c:997:19:HAL_DFSDM_ChannelPollForScd	24	static
/home/dell/COL788/COL788/Optimized_Transformer_code-master/Drivers/STM32L4xx_HAL_Driver/Src/stm32l4xx_hal_dfsdm.c:1042:19:HAL_DFSDM_ChannelScdStop	8	static
/home/dell/COL788/COL788/Optimized_Transformer_code-master/Drivers/STM32L4xx_HAL_Driver/Src/stm32l4xx_hal_dfsdm.c:1076:19:HAL_DFSDM_ChannelScdStart_IT	8	static
/home/dell/COL788/COL788/Optimized_Transformer_code-master/Drivers/STM32L4xx_HAL_Driver/Src/stm32l4xx_hal_dfsdm.c:1112:13:HAL_DFSDM_ChannelScdCallback	0	static
/home/dell/COL788/COL788/Optimized_Transformer_code-master/Drivers/STM32L4xx_HAL_Driver/Src/stm32l4xx_hal_dfsdm.c:1128:19:HAL_DFSDM_ChannelScdStop_IT	8	static
/home/dell/COL788/COL788/Optimized_Transformer_code-master/Drivers/STM32L4xx_HAL_Driver/Src/stm32l4xx_hal_dfsdm.c:1160:9:HAL_DFSDM_ChannelGetAwdValue	0	static
/home/dell/COL788/COL788/Optimized_Transformer_code-master/Drivers/STM32L4xx_HAL_Driver/Src/stm32l4xx_hal_dfsdm.c:1172:19:HAL_DFSDM_ChannelModifyOffset	0	static
/home/dell/COL788/COL788/Optimized_Transformer_code-master/Drivers/STM32L4xx_HAL_Driver/Src/stm32l4xx_hal_dfsdm.c:1216:32:HAL_DFSDM_ChannelGetState	0	static
/home/dell/COL788/COL788/Optimized_Transformer_code-master/Drivers/STM32L4xx_HAL_Driver/Src/stm32l4xx_hal_dfsdm.c:1412:13:HAL_DFSDM_FilterMspInit	0	static
/home/dell/COL788/COL788/Optimized_Transformer_code-master/Drivers/STM32L4xx_HAL_Driver/Src/stm32l4xx_hal_dfsdm.c:1246:19:HAL_DFSDM_FilterInit	16	static
/home/dell/COL788/COL788/Optimized_Transformer_code-master/Drivers/STM32L4xx_HAL_Driver/Src/stm32l4xx_hal_dfsdm.c:1426:13:HAL_DFSDM_FilterMspDeInit	0	static
/home/dell/COL788/COL788/Optimized_Transformer_code-master/Drivers/STM32L4xx_HAL_Driver/Src/stm32l4xx_hal_dfsdm.c:1377:19:HAL_DFSDM_FilterDeInit	8	static
/home/dell/COL788/COL788/Optimized_Transformer_code-master/Drivers/STM32L4xx_HAL_Driver/Src/stm32l4xx_hal_dfsdm.c:1699:19:HAL_DFSDM_FilterConfigRegChannel	8	static
/home/dell/COL788/COL788/Optimized_Transformer_code-master/Drivers/STM32L4xx_HAL_Driver/Src/stm32l4xx_hal_dfsdm.c:1740:19:HAL_DFSDM_FilterConfigInjChannel	0	static
/home/dell/COL788/COL788/Optimized_Transformer_code-master/Drivers/STM32L4xx_HAL_Driver/Src/stm32l4xx_hal_dfsdm.c:1808:19:HAL_DFSDM_FilterRegularStart	8	static
/home/dell/COL788/COL788/Optimized_Transformer_code-master/Drivers/STM32L4xx_HAL_Driver/Src/stm32l4xx_hal_dfsdm.c:1895:19:HAL_DFSDM_FilterRegularStop	8	static
/home/dell/COL788/COL788/Optimized_Transformer_code-master/Drivers/STM32L4xx_HAL_Driver/Src/stm32l4xx_hal_dfsdm.c:1922:19:HAL_DFSDM_FilterRegularStart_IT	8	static
/home/dell/COL788/COL788/Optimized_Transformer_code-master/Drivers/STM32L4xx_HAL_Driver/Src/stm32l4xx_hal_dfsdm.c:1951:19:HAL_DFSDM_FilterRegularStop_IT	8	static
/home/dell/COL788/COL788/Optimized_Transformer_code-master/Drivers/STM32L4xx_HAL_Driver/Src/stm32l4xx_hal_dfsdm.c:1987:19:HAL_DFSDM_FilterRegularStart_DMA	16	static
/home/dell/COL788/COL788/Optimized_Transformer_code-master/Drivers/STM32L4xx_HAL_Driver/Src/stm32l4xx_hal_dfsdm.c:2055:19:HAL_DFSDM_FilterRegularMsbStart_DMA	16	static
/home/dell/COL788/COL788/Optimized_Transformer_code-master/Drivers/STM32L4xx_HAL_Driver/Src/stm32l4xx_hal_dfsdm.c:2117:19:HAL_DFSDM_FilterRegularStop_DMA	8	static
/home/dell/COL788/COL788/Optimized_Transformer_code-master/Drivers/STM32L4xx_HAL_Driver/Src/stm32l4xx_hal_dfsdm.c:2148:9:HAL_DFSDM_FilterGetRegularValue	0	static
/home/dell/COL788/COL788/Optimized_Transformer_code-master/Drivers/STM32L4xx_HAL_Driver/Src/stm32l4xx_hal_dfsdm.c:2178:19:HAL_DFSDM_FilterInjectedStart	8	static
/home/dell/COL788/COL788/Optimized_Transformer_code-master/Drivers/STM32L4xx_HAL_Driver/Src/stm32l4xx_hal_dfsdm.c:2275:19:HAL_DFSDM_FilterInjectedStop	8	static
/home/dell/COL788/COL788/Optimized_Transformer_code-master/Drivers/STM32L4xx_HAL_Driver/Src/stm32l4xx_hal_dfsdm.c:2302:19:HAL_DFSDM_FilterInjectedStart_IT	8	static
/home/dell/COL788/COL788/Optimized_Transformer_code-master/Drivers/STM32L4xx_HAL_Driver/Src/stm32l4xx_hal_dfsdm.c:2331:19:HAL_DFSDM_FilterInjectedStop_IT	8	static
/home/dell/COL788/COL788/Optimized_Transformer_code-master/Drivers/STM32L4xx_HAL_Driver/Src/stm32l4xx_hal_dfsdm.c:2367:19:HAL_DFSDM_FilterInjectedStart_DMA	16	static
/home/dell/COL788/COL788/Optimized_Transformer_code-master/Drivers/STM32L4xx_HAL_Driver/Src/stm32l4xx_hal_dfsdm.c:2433:19:HAL_DFSDM_FilterInjectedMsbStart_DMA	16	static
/home/dell/COL788/COL788/Optimized_Transformer_code-master/Drivers/STM32L4xx_HAL_Driver/Src/stm32l4xx_hal_dfsdm.c:2493:19:HAL_DFSDM_FilterInjectedStop_DMA	8	static
/home/dell/COL788/COL788/Optimized_Transformer_code-master/Drivers/STM32L4xx_HAL_Driver/Src/stm32l4xx_hal_dfsdm.c:2524:9:HAL_DFSDM_FilterGetInjectedValue	0	static
/home/dell/COL788/COL788/Optimized_Transformer_code-master/Drivers/STM32L4xx_HAL_Driver/Src/stm32l4xx_hal_dfsdm.c:2553:19:HAL_DFSDM_FilterAwdStart_IT	0	static
/home/dell/COL788/COL788/Optimized_Transformer_code-master/Drivers/STM32L4xx_HAL_Driver/Src/stm32l4xx_hal_dfsdm.c:2604:19:HAL_DFSDM_FilterAwdStop_IT	0	static
/home/dell/COL788/COL788/Optimized_Transformer_code-master/Drivers/STM32L4xx_HAL_Driver/Src/stm32l4xx_hal_dfsdm.c:2645:19:HAL_DFSDM_FilterExdStart	0	static
/home/dell/COL788/COL788/Optimized_Transformer_code-master/Drivers/STM32L4xx_HAL_Driver/Src/stm32l4xx_hal_dfsdm.c:2673:19:HAL_DFSDM_FilterExdStop	8	static
/home/dell/COL788/COL788/Optimized_Transformer_code-master/Drivers/STM32L4xx_HAL_Driver/Src/stm32l4xx_hal_dfsdm.c:2708:9:HAL_DFSDM_FilterGetExdMaxValue	0	static
/home/dell/COL788/COL788/Optimized_Transformer_code-master/Drivers/STM32L4xx_HAL_Driver/Src/stm32l4xx_hal_dfsdm.c:2738:9:HAL_DFSDM_FilterGetExdMinValue	0	static
/home/dell/COL788/COL788/Optimized_Transformer_code-master/Drivers/STM32L4xx_HAL_Driver/Src/stm32l4xx_hal_dfsdm.c:2767:10:HAL_DFSDM_FilterGetConvTimeValue	0	static
/home/dell/COL788/COL788/Optimized_Transformer_code-master/Drivers/STM32L4xx_HAL_Driver/Src/stm32l4xx_hal_dfsdm.c:2981:13:HAL_DFSDM_FilterRegConvCpltCallback	0	static
/home/dell/COL788/COL788/Optimized_Transformer_code-master/Drivers/STM32L4xx_HAL_Driver/Src/stm32l4xx_hal_dfsdm.c:3148:13:DFSDM_DMARegularConvCplt	8	static
/home/dell/COL788/COL788/Optimized_Transformer_code-master/Drivers/STM32L4xx_HAL_Driver/Src/stm32l4xx_hal_dfsdm.c:2996:13:HAL_DFSDM_FilterRegConvHalfCpltCallback	0	static
/home/dell/COL788/COL788/Optimized_Transformer_code-master/Drivers/STM32L4xx_HAL_Driver/Src/stm32l4xx_hal_dfsdm.c:3130:13:DFSDM_DMARegularHalfConvCplt	8	static
/home/dell/COL788/COL788/Optimized_Transformer_code-master/Drivers/STM32L4xx_HAL_Driver/Src/stm32l4xx_hal_dfsdm.c:3013:13:HAL_DFSDM_FilterInjConvCpltCallback	0	static
/home/dell/COL788/COL788/Optimized_Transformer_code-master/Drivers/STM32L4xx_HAL_Driver/Src/stm32l4xx_hal_dfsdm.c:3184:13:DFSDM_DMAInjectedConvCplt	8	static
/home/dell/COL788/COL788/Optimized_Transformer_code-master/Drivers/STM32L4xx_HAL_Driver/Src/stm32l4xx_hal_dfsdm.c:3028:13:HAL_DFSDM_FilterInjConvHalfCpltCallback	0	static
/home/dell/COL788/COL788/Optimized_Transformer_code-master/Drivers/STM32L4xx_HAL_Driver/Src/stm32l4xx_hal_dfsdm.c:3166:13:DFSDM_DMAInjectedHalfConvCplt	8	static
/home/dell/COL788/COL788/Optimized_Transformer_code-master/Drivers/STM32L4xx_HAL_Driver/Src/stm32l4xx_hal_dfsdm.c:3045:13:HAL_DFSDM_FilterAwdCallback	0	static
/home/dell/COL788/COL788/Optimized_Transformer_code-master/Drivers/STM32L4xx_HAL_Driver/Src/stm32l4xx_hal_dfsdm.c:3063:13:HAL_DFSDM_FilterErrorCallback	0	static
/home/dell/COL788/COL788/Optimized_Transformer_code-master/Drivers/STM32L4xx_HAL_Driver/Src/stm32l4xx_hal_dfsdm.c:1834:19:HAL_DFSDM_FilterPollForRegConversion	16	static
/home/dell/COL788/COL788/Optimized_Transformer_code-master/Drivers/STM32L4xx_HAL_Driver/Src/stm32l4xx_hal_dfsdm.c:3202:13:DFSDM_DMAError	8	static
/home/dell/COL788/COL788/Optimized_Transformer_code-master/Drivers/STM32L4xx_HAL_Driver/Src/stm32l4xx_hal_dfsdm.c:2204:19:HAL_DFSDM_FilterPollForInjConversion	24	static
/home/dell/COL788/COL788/Optimized_Transformer_code-master/Drivers/STM32L4xx_HAL_Driver/Src/stm32l4xx_hal_dfsdm.c:2790:6:HAL_DFSDM_IRQHandler	24	static
/home/dell/COL788/COL788/Optimized_Transformer_code-master/Drivers/STM32L4xx_HAL_Driver/Src/stm32l4xx_hal_dfsdm.c:3096:31:HAL_DFSDM_FilterGetState	0	static
/home/dell/COL788/COL788/Optimized_Transformer_code-master/Drivers/STM32L4xx_HAL_Driver/Src/stm32l4xx_hal_dfsdm.c:3107:10:HAL_DFSDM_FilterGetError	0	static
