/home/dell/COL788/COL788/Assignment1/Optimized_Transformer_code-master/Drivers/STM32L4xx_HAL_Driver/Src/stm32l4xx_hal_dma.c:154:19:HAL_DMA_Init	20	static
/home/dell/COL788/COL788/Assignment1/Optimized_Transformer_code-master/Drivers/STM32L4xx_HAL_Driver/Src/stm32l4xx_hal_dma.c:294:19:HAL_DMA_DeInit	8	static
/home/dell/COL788/COL788/Assignment1/Optimized_Transformer_code-master/Drivers/STM32L4xx_HAL_Driver/Src/stm32l4xx_hal_dma.c:426:19:HAL_DMA_Start	20	static
/home/dell/COL788/COL788/Assignment1/Optimized_Transformer_code-master/Drivers/STM32L4xx_HAL_Driver/Src/stm32l4xx_hal_dma.c:466:19:HAL_DMA_Start_IT	20	static
/home/dell/COL788/COL788/Assignment1/Optimized_Transformer_code-master/Drivers/STM32L4xx_HAL_Driver/Src/stm32l4xx_hal_dma.c:533:19:HAL_DMA_Abort	0	static
/home/dell/COL788/COL788/Assignment1/Optimized_Transformer_code-master/Drivers/STM32L4xx_HAL_Driver/Src/stm32l4xx_hal_dma.c:592:19:HAL_DMA_Abort_IT	8	static
/home/dell/COL788/COL788/Assignment1/Optimized_Transformer_code-master/Drivers/STM32L4xx_HAL_Driver/Src/stm32l4xx_hal_dma.c:655:19:HAL_DMA_PollForTransfer	32	static
/home/dell/COL788/COL788/Assignment1/Optimized_Transformer_code-master/Drivers/STM32L4xx_HAL_Driver/Src/stm32l4xx_hal_dma.c:777:6:HAL_DMA_IRQHandler	12	static
/home/dell/COL788/COL788/Assignment1/Optimized_Transformer_code-master/Drivers/STM32L4xx_HAL_Driver/Src/stm32l4xx_hal_dma.c:868:19:HAL_DMA_RegisterCallback	8	static
/home/dell/COL788/COL788/Assignment1/Optimized_Transformer_code-master/Drivers/STM32L4xx_HAL_Driver/Src/stm32l4xx_hal_dma.c:916:19:HAL_DMA_UnRegisterCallback	8	static
/home/dell/COL788/COL788/Assignment1/Optimized_Transformer_code-master/Drivers/STM32L4xx_HAL_Driver/Src/stm32l4xx_hal_dma.c:988:22:HAL_DMA_GetState	0	static
/home/dell/COL788/COL788/Assignment1/Optimized_Transformer_code-master/Drivers/STM32L4xx_HAL_Driver/Src/stm32l4xx_hal_dma.c:999:10:HAL_DMA_GetError	0	static
