/home/dell/COL788/COL788/Assignment1/Optimized_Transformer_code-master/Drivers/BSP/SensorTile/SensorTile_audio.c:249:9:BSP_AUDIO_OUT_DeInit	16	static
/home/dell/COL788/COL788/Assignment1/Optimized_Transformer_code-master/Drivers/BSP/SensorTile/SensorTile_audio.c:278:26:MX_SAI1_Block_A_Init	8	static
/home/dell/COL788/COL788/Assignment1/Optimized_Transformer_code-master/Drivers/BSP/SensorTile/SensorTile_audio.c:329:26:MX_SAI1_ClockConfig	144	static
/home/dell/COL788/COL788/Assignment1/Optimized_Transformer_code-master/Drivers/BSP/SensorTile/SensorTile_audio.c:184:9:BSP_AUDIO_OUT_Init	128	static
/home/dell/COL788/COL788/Assignment1/Optimized_Transformer_code-master/Drivers/BSP/SensorTile/SensorTile_audio.c:364:9:BSP_AUDIO_OUT_Play	8	static
/home/dell/COL788/COL788/Assignment1/Optimized_Transformer_code-master/Drivers/BSP/SensorTile/SensorTile_audio.c:399:9:BSP_AUDIO_OUT_Pause	8	static
/home/dell/COL788/COL788/Assignment1/Optimized_Transformer_code-master/Drivers/BSP/SensorTile/SensorTile_audio.c:428:9:BSP_AUDIO_OUT_Resume	8	static
/home/dell/COL788/COL788/Assignment1/Optimized_Transformer_code-master/Drivers/BSP/SensorTile/SensorTile_audio.c:454:9:BSP_AUDIO_OUT_Stop	16	static
/home/dell/COL788/COL788/Assignment1/Optimized_Transformer_code-master/Drivers/BSP/SensorTile/SensorTile_audio.c:488:9:BSP_AUDIO_OUT_SetVolume	16	static
/home/dell/COL788/COL788/Assignment1/Optimized_Transformer_code-master/Drivers/BSP/SensorTile/SensorTile_audio.c:518:9:BSP_AUDIO_OUT_GetVolume	0	static
/home/dell/COL788/COL788/Assignment1/Optimized_Transformer_code-master/Drivers/BSP/SensorTile/SensorTile_audio.c:535:9:BSP_AUDIO_OUT_Mute	8	static
/home/dell/COL788/COL788/Assignment1/Optimized_Transformer_code-master/Drivers/BSP/SensorTile/SensorTile_audio.c:558:9:BSP_AUDIO_OUT_UnMute	8	static
/home/dell/COL788/COL788/Assignment1/Optimized_Transformer_code-master/Drivers/BSP/SensorTile/SensorTile_audio.c:582:9:BSP_AUDIO_OUT_IsMute	0	static
/home/dell/COL788/COL788/Assignment1/Optimized_Transformer_code-master/Drivers/BSP/SensorTile/SensorTile_audio.c:601:9:BSP_AUDIO_OUT_SetDevice	64	static
/home/dell/COL788/COL788/Assignment1/Optimized_Transformer_code-master/Drivers/BSP/SensorTile/SensorTile_audio.c:635:9:BSP_AUDIO_OUT_GetDevice	0	static
/home/dell/COL788/COL788/Assignment1/Optimized_Transformer_code-master/Drivers/BSP/SensorTile/SensorTile_audio.c:656:9:BSP_AUDIO_OUT_SetSampleRate	72	static
/home/dell/COL788/COL788/Assignment1/Optimized_Transformer_code-master/Drivers/BSP/SensorTile/SensorTile_audio.c:699:9:BSP_AUDIO_OUT_GetSampleRate	0	static
/home/dell/COL788/COL788/Assignment1/Optimized_Transformer_code-master/Drivers/BSP/SensorTile/SensorTile_audio.c:718:9:BSP_AUDIO_OUT_SetBitsPerSample	0	static
/home/dell/COL788/COL788/Assignment1/Optimized_Transformer_code-master/Drivers/BSP/SensorTile/SensorTile_audio.c:742:9:BSP_AUDIO_OUT_GetBitsPerSample	0	static
/home/dell/COL788/COL788/Assignment1/Optimized_Transformer_code-master/Drivers/BSP/SensorTile/SensorTile_audio.c:763:9:BSP_AUDIO_OUT_SetChannelsNbr	0	static
/home/dell/COL788/COL788/Assignment1/Optimized_Transformer_code-master/Drivers/BSP/SensorTile/SensorTile_audio.c:790:9:BSP_AUDIO_OUT_GetChannelsNbr	0	static
/home/dell/COL788/COL788/Assignment1/Optimized_Transformer_code-master/Drivers/BSP/SensorTile/SensorTile_audio.c:810:9:BSP_AUDIO_OUT_GetState	0	static
/home/dell/COL788/COL788/Assignment1/Optimized_Transformer_code-master/Drivers/BSP/SensorTile/SensorTile_audio.c:869:13:BSP_AUDIO_OUT_TransferComplete_CallBack	0	static
/home/dell/COL788/COL788/Assignment1/Optimized_Transformer_code-master/Drivers/BSP/SensorTile/SensorTile_audio.c:829:6:HAL_SAI_TxCpltCallback	8	static
/home/dell/COL788/COL788/Assignment1/Optimized_Transformer_code-master/Drivers/BSP/SensorTile/SensorTile_audio.c:879:13:BSP_AUDIO_OUT_HalfTransfer_CallBack	0	static
/home/dell/COL788/COL788/Assignment1/Optimized_Transformer_code-master/Drivers/BSP/SensorTile/SensorTile_audio.c:843:6:HAL_SAI_TxHalfCpltCallback	8	static
/home/dell/COL788/COL788/Assignment1/Optimized_Transformer_code-master/Drivers/BSP/SensorTile/SensorTile_audio.c:889:13:BSP_AUDIO_OUT_Error_CallBack	0	static
/home/dell/COL788/COL788/Assignment1/Optimized_Transformer_code-master/Drivers/BSP/SensorTile/SensorTile_audio.c:857:6:HAL_SAI_ErrorCallback	8	static
/home/dell/COL788/COL788/Assignment1/Optimized_Transformer_code-master/Drivers/BSP/SensorTile/SensorTile_audio.c:980:16:BSP_AUDIO_IN_DeInit	16	static
/home/dell/COL788/COL788/Assignment1/Optimized_Transformer_code-master/Drivers/BSP/SensorTile/SensorTile_audio.c:1023:26:MX_DFSDM1_ClockConfig	144	static
/home/dell/COL788/COL788/Assignment1/Optimized_Transformer_code-master/Drivers/BSP/SensorTile/SensorTile_audio.c:1092:26:MX_DFSDM1_Init	32	static
/home/dell/COL788/COL788/Assignment1/Optimized_Transformer_code-master/Drivers/BSP/SensorTile/SensorTile_audio.c:907:16:BSP_AUDIO_IN_Init	96	static
/home/dell/COL788/COL788/Assignment1/Optimized_Transformer_code-master/Drivers/BSP/SensorTile/SensorTile_audio.c:1156:16:BSP_AUDIO_IN_PDMToPCM_Init	0	static
/home/dell/COL788/COL788/Assignment1/Optimized_Transformer_code-master/Drivers/BSP/SensorTile/SensorTile_audio.c:1173:16:BSP_AUDIO_IN_PDMToPCM	0	static
/home/dell/COL788/COL788/Assignment1/Optimized_Transformer_code-master/Drivers/BSP/SensorTile/SensorTile_audio.c:1189:9:BSP_AUDIO_IN_Record	8	static
/home/dell/COL788/COL788/Assignment1/Optimized_Transformer_code-master/Drivers/BSP/SensorTile/SensorTile_audio.c:1218:9:BSP_AUDIO_IN_Stop	8	static
/home/dell/COL788/COL788/Assignment1/Optimized_Transformer_code-master/Drivers/BSP/SensorTile/SensorTile_audio.c:1249:9:BSP_AUDIO_IN_Pause	8	static
/home/dell/COL788/COL788/Assignment1/Optimized_Transformer_code-master/Drivers/BSP/SensorTile/SensorTile_audio.c:1280:9:BSP_AUDIO_IN_Resume	8	static
/home/dell/COL788/COL788/Assignment1/Optimized_Transformer_code-master/Drivers/BSP/SensorTile/SensorTile_audio.c:1313:9:BSP_AUDIO_IN_RecordChannels	16	static
/home/dell/COL788/COL788/Assignment1/Optimized_Transformer_code-master/Drivers/BSP/SensorTile/SensorTile_audio.c:1389:9:BSP_AUDIO_IN_PauseChannels	8	static
/home/dell/COL788/COL788/Assignment1/Optimized_Transformer_code-master/Drivers/BSP/SensorTile/SensorTile_audio.c:1368:9:BSP_AUDIO_IN_StopChannels	8	static
/home/dell/COL788/COL788/Assignment1/Optimized_Transformer_code-master/Drivers/BSP/SensorTile/SensorTile_audio.c:1425:9:BSP_AUDIO_IN_ResumeChannels	8	static,ignoring_inline_asm
/home/dell/COL788/COL788/Assignment1/Optimized_Transformer_code-master/Drivers/BSP/SensorTile/SensorTile_audio.c:1464:9:BSP_AUDIO_IN_RecordPDM	0	static
/home/dell/COL788/COL788/Assignment1/Optimized_Transformer_code-master/Drivers/BSP/SensorTile/SensorTile_audio.c:1482:9:BSP_AUDIO_IN_SetDevice	48	static
/home/dell/COL788/COL788/Assignment1/Optimized_Transformer_code-master/Drivers/BSP/SensorTile/SensorTile_audio.c:1517:9:BSP_AUDIO_IN_GetDevice	0	static
/home/dell/COL788/COL788/Assignment1/Optimized_Transformer_code-master/Drivers/BSP/SensorTile/SensorTile_audio.c:1535:9:BSP_AUDIO_IN_SetSampleRate	48	static
/home/dell/COL788/COL788/Assignment1/Optimized_Transformer_code-master/Drivers/BSP/SensorTile/SensorTile_audio.c:1572:9:BSP_AUDIO_IN_GetSampleRate	0	static
/home/dell/COL788/COL788/Assignment1/Optimized_Transformer_code-master/Drivers/BSP/SensorTile/SensorTile_audio.c:1592:9:BSP_AUDIO_IN_SetBitsPerSample	48	static
/home/dell/COL788/COL788/Assignment1/Optimized_Transformer_code-master/Drivers/BSP/SensorTile/SensorTile_audio.c:1626:9:BSP_AUDIO_IN_GetBitsPerSample	0	static
/home/dell/COL788/COL788/Assignment1/Optimized_Transformer_code-master/Drivers/BSP/SensorTile/SensorTile_audio.c:1645:9:BSP_AUDIO_IN_SetChannelsNbr	0	static
/home/dell/COL788/COL788/Assignment1/Optimized_Transformer_code-master/Drivers/BSP/SensorTile/SensorTile_audio.c:1664:9:BSP_AUDIO_IN_GetChannelsNbr	0	static
/home/dell/COL788/COL788/Assignment1/Optimized_Transformer_code-master/Drivers/BSP/SensorTile/SensorTile_audio.c:1682:9:BSP_AUDIO_IN_SetVolume	0	static
/home/dell/COL788/COL788/Assignment1/Optimized_Transformer_code-master/Drivers/BSP/SensorTile/SensorTile_audio.c:1703:9:BSP_AUDIO_IN_GetVolume	0	static
/home/dell/COL788/COL788/Assignment1/Optimized_Transformer_code-master/Drivers/BSP/SensorTile/SensorTile_audio.c:1722:9:BSP_AUDIO_IN_GetState	0	static
/home/dell/COL788/COL788/Assignment1/Optimized_Transformer_code-master/Drivers/BSP/SensorTile/SensorTile_audio.c:1738:6:BSP_AUDIO_IN_DMA1_Stream4_IRQHandler	0	static
/home/dell/COL788/COL788/Assignment1/Optimized_Transformer_code-master/Drivers/BSP/SensorTile/SensorTile_audio.c:1814:13:BSP_AUDIO_IN_TransferComplete_CallBack	0	static
/home/dell/COL788/COL788/Assignment1/Optimized_Transformer_code-master/Drivers/BSP/SensorTile/SensorTile_audio.c:1749:6:HAL_DFSDM_FilterRegConvCpltCallback	40	static
/home/dell/COL788/COL788/Assignment1/Optimized_Transformer_code-master/Drivers/BSP/SensorTile/SensorTile_audio.c:1827:13:BSP_AUDIO_IN_HalfTransfer_CallBack	0	static
/home/dell/COL788/COL788/Assignment1/Optimized_Transformer_code-master/Drivers/BSP/SensorTile/SensorTile_audio.c:1783:6:HAL_DFSDM_FilterRegConvHalfCpltCallback	40	static
/home/dell/COL788/COL788/Assignment1/Optimized_Transformer_code-master/Drivers/BSP/SensorTile/SensorTile_audio.c:1840:13:BSP_AUDIO_IN_Error_CallBack	0	static
