/home/dell/COL788/Assignment1/Optimized_Transformer_code-master/Drivers/STM32L4xx_HAL_Driver/Src/stm32l4xx_hal_rcc.c:1677:26:RCC_SetFlashLatencyFromMSIRange	24	static
/home/dell/COL788/Assignment1/Optimized_Transformer_code-master/Drivers/STM32L4xx_HAL_Driver/Src/stm32l4xx_hal_rcc.c:267:19:HAL_RCC_DeInit	24	static
/home/dell/COL788/Assignment1/Optimized_Transformer_code-master/Drivers/STM32L4xx_HAL_Driver/Src/stm32l4xx_hal_rcc.c:1272:6:HAL_RCC_MCOConfig	40	static
/home/dell/COL788/Assignment1/Optimized_Transformer_code-master/Drivers/STM32L4xx_HAL_Driver/Src/stm32l4xx_hal_rcc.c:1332:10:HAL_RCC_GetSysClockFreq	0	static
/home/dell/COL788/Assignment1/Optimized_Transformer_code-master/Drivers/STM32L4xx_HAL_Driver/Src/stm32l4xx_hal_rcc.c:400:19:HAL_RCC_OscConfig	40	static
/home/dell/COL788/Assignment1/Optimized_Transformer_code-master/Drivers/STM32L4xx_HAL_Driver/Src/stm32l4xx_hal_rcc.c:1048:19:HAL_RCC_ClockConfig	24	static
/home/dell/COL788/Assignment1/Optimized_Transformer_code-master/Drivers/STM32L4xx_HAL_Driver/Src/stm32l4xx_hal_rcc.c:1414:10:HAL_RCC_GetHCLKFreq	0	static
/home/dell/COL788/Assignment1/Optimized_Transformer_code-master/Drivers/STM32L4xx_HAL_Driver/Src/stm32l4xx_hal_rcc.c:1424:10:HAL_RCC_GetPCLK1Freq	0	static
/home/dell/COL788/Assignment1/Optimized_Transformer_code-master/Drivers/STM32L4xx_HAL_Driver/Src/stm32l4xx_hal_rcc.c:1437:10:HAL_RCC_GetPCLK2Freq	0	static
/home/dell/COL788/Assignment1/Optimized_Transformer_code-master/Drivers/STM32L4xx_HAL_Driver/Src/stm32l4xx_hal_rcc.c:1451:6:HAL_RCC_GetOscConfig	0	static
/home/dell/COL788/Assignment1/Optimized_Transformer_code-master/Drivers/STM32L4xx_HAL_Driver/Src/stm32l4xx_hal_rcc.c:1592:6:HAL_RCC_GetClockConfig	0	static
/home/dell/COL788/Assignment1/Optimized_Transformer_code-master/Drivers/STM32L4xx_HAL_Driver/Src/stm32l4xx_hal_rcc.c:1629:6:HAL_RCC_EnableCSS	0	static
/home/dell/COL788/Assignment1/Optimized_Transformer_code-master/Drivers/STM32L4xx_HAL_Driver/Src/stm32l4xx_hal_rcc.c:1653:13:HAL_RCC_CSSCallback	0	static
/home/dell/COL788/Assignment1/Optimized_Transformer_code-master/Drivers/STM32L4xx_HAL_Driver/Src/stm32l4xx_hal_rcc.c:1638:6:HAL_RCC_NMI_IRQHandler	8	static
