/home/dell/COL788/Assignment1/Optimized_Transformer_code-master/Drivers/STM32L4xx_HAL_Driver/Src/stm32l4xx_hal_pwr.c:87:6:HAL_PWR_DeInit	0	static
/home/dell/COL788/Assignment1/Optimized_Transformer_code-master/Drivers/STM32L4xx_HAL_Driver/Src/stm32l4xx_hal_pwr.c:104:6:HAL_PWR_EnableBkUpAccess	0	static
/home/dell/COL788/Assignment1/Optimized_Transformer_code-master/Drivers/STM32L4xx_HAL_Driver/Src/stm32l4xx_hal_pwr.c:113:6:HAL_PWR_DisableBkUpAccess	0	static
/home/dell/COL788/Assignment1/Optimized_Transformer_code-master/Drivers/STM32L4xx_HAL_Driver/Src/stm32l4xx_hal_pwr.c:302:19:HAL_PWR_ConfigPVD	0	static
/home/dell/COL788/Assignment1/Optimized_Transformer_code-master/Drivers/STM32L4xx_HAL_Driver/Src/stm32l4xx_hal_pwr.c:342:6:HAL_PWR_EnablePVD	0	static
/home/dell/COL788/Assignment1/Optimized_Transformer_code-master/Drivers/STM32L4xx_HAL_Driver/Src/stm32l4xx_hal_pwr.c:350:6:HAL_PWR_DisablePVD	0	static
/home/dell/COL788/Assignment1/Optimized_Transformer_code-master/Drivers/STM32L4xx_HAL_Driver/Src/stm32l4xx_hal_pwr.c:371:6:HAL_PWR_EnableWakeUpPin	0	static
/home/dell/COL788/Assignment1/Optimized_Transformer_code-master/Drivers/STM32L4xx_HAL_Driver/Src/stm32l4xx_hal_pwr.c:391:6:HAL_PWR_DisableWakeUpPin	0	static
/home/dell/COL788/Assignment1/Optimized_Transformer_code-master/Drivers/STM32L4xx_HAL_Driver/Src/stm32l4xx_hal_pwr.c:421:6:HAL_PWR_EnterSLEEPMode	8	static,ignoring_inline_asm
/home/dell/COL788/Assignment1/Optimized_Transformer_code-master/Drivers/STM32L4xx_HAL_Driver/Src/stm32l4xx_hal_pwr.c:489:6:HAL_PWR_EnterSTOPMode	0	static
/home/dell/COL788/Assignment1/Optimized_Transformer_code-master/Drivers/STM32L4xx_HAL_Driver/Src/stm32l4xx_hal_pwr.c:518:6:HAL_PWR_EnterSTANDBYMode	0	static,ignoring_inline_asm
/home/dell/COL788/Assignment1/Optimized_Transformer_code-master/Drivers/STM32L4xx_HAL_Driver/Src/stm32l4xx_hal_pwr.c:541:6:HAL_PWR_EnableSleepOnExit	0	static
/home/dell/COL788/Assignment1/Optimized_Transformer_code-master/Drivers/STM32L4xx_HAL_Driver/Src/stm32l4xx_hal_pwr.c:552:6:HAL_PWR_DisableSleepOnExit	0	static
/home/dell/COL788/Assignment1/Optimized_Transformer_code-master/Drivers/STM32L4xx_HAL_Driver/Src/stm32l4xx_hal_pwr.c:563:6:HAL_PWR_EnableSEVOnPend	0	static
/home/dell/COL788/Assignment1/Optimized_Transformer_code-master/Drivers/STM32L4xx_HAL_Driver/Src/stm32l4xx_hal_pwr.c:574:6:HAL_PWR_DisableSEVOnPend	0	static
/home/dell/COL788/Assignment1/Optimized_Transformer_code-master/Drivers/STM32L4xx_HAL_Driver/Src/stm32l4xx_hal_pwr.c:583:13:HAL_PWR_PVDCallback	0	static
