/home/dell/COL788/Assignment1/Optimized_Transformer_code-master/Drivers/STM32L4xx_HAL_Driver/Src/stm32l4xx_hal_pcd.c:285:13:HAL_PCD_MspInit	0	static
/home/dell/COL788/Assignment1/Optimized_Transformer_code-master/Drivers/STM32L4xx_HAL_Driver/Src/stm32l4xx_hal_pcd.c:131:19:HAL_PCD_Init	64	static
/home/dell/COL788/Assignment1/Optimized_Transformer_code-master/Drivers/STM32L4xx_HAL_Driver/Src/stm32l4xx_hal_pcd.c:299:13:HAL_PCD_MspDeInit	0	static
/home/dell/COL788/Assignment1/Optimized_Transformer_code-master/Drivers/STM32L4xx_HAL_Driver/Src/stm32l4xx_hal_pcd.c:249:19:HAL_PCD_DeInit	16	static
/home/dell/COL788/Assignment1/Optimized_Transformer_code-master/Drivers/STM32L4xx_HAL_Driver/Src/stm32l4xx_hal_pcd.c:999:19:HAL_PCD_Start	8	static
/home/dell/COL788/Assignment1/Optimized_Transformer_code-master/Drivers/STM32L4xx_HAL_Driver/Src/stm32l4xx_hal_pcd.c:1023:19:HAL_PCD_Stop	16	static
/home/dell/COL788/Assignment1/Optimized_Transformer_code-master/Drivers/STM32L4xx_HAL_Driver/Src/stm32l4xx_hal_pcd.c:1511:13:HAL_PCD_DataOutStageCallback	0	static
/home/dell/COL788/Assignment1/Optimized_Transformer_code-master/Drivers/STM32L4xx_HAL_Driver/Src/stm32l4xx_hal_pcd.c:1527:13:HAL_PCD_DataInStageCallback	0	static
/home/dell/COL788/Assignment1/Optimized_Transformer_code-master/Drivers/STM32L4xx_HAL_Driver/Src/stm32l4xx_hal_pcd.c:1541:13:HAL_PCD_SetupStageCallback	0	static
/home/dell/COL788/Assignment1/Optimized_Transformer_code-master/Drivers/STM32L4xx_HAL_Driver/Src/stm32l4xx_hal_pcd.c:1555:13:HAL_PCD_SOFCallback	0	static
/home/dell/COL788/Assignment1/Optimized_Transformer_code-master/Drivers/STM32L4xx_HAL_Driver/Src/stm32l4xx_hal_pcd.c:1569:13:HAL_PCD_ResetCallback	0	static
/home/dell/COL788/Assignment1/Optimized_Transformer_code-master/Drivers/STM32L4xx_HAL_Driver/Src/stm32l4xx_hal_pcd.c:1583:13:HAL_PCD_SuspendCallback	0	static
/home/dell/COL788/Assignment1/Optimized_Transformer_code-master/Drivers/STM32L4xx_HAL_Driver/Src/stm32l4xx_hal_pcd.c:1597:13:HAL_PCD_ResumeCallback	0	static
/home/dell/COL788/Assignment1/Optimized_Transformer_code-master/Drivers/STM32L4xx_HAL_Driver/Src/stm32l4xx_hal_pcd.c:1612:13:HAL_PCD_ISOOUTIncompleteCallback	0	static
/home/dell/COL788/Assignment1/Optimized_Transformer_code-master/Drivers/STM32L4xx_HAL_Driver/Src/stm32l4xx_hal_pcd.c:1629:13:HAL_PCD_ISOINIncompleteCallback	0	static
/home/dell/COL788/Assignment1/Optimized_Transformer_code-master/Drivers/STM32L4xx_HAL_Driver/Src/stm32l4xx_hal_pcd.c:1645:13:HAL_PCD_ConnectCallback	0	static
/home/dell/COL788/Assignment1/Optimized_Transformer_code-master/Drivers/STM32L4xx_HAL_Driver/Src/stm32l4xx_hal_pcd.c:1659:13:HAL_PCD_DisconnectCallback	0	static
/home/dell/COL788/Assignment1/Optimized_Transformer_code-master/Drivers/STM32L4xx_HAL_Driver/Src/stm32l4xx_hal_pcd.c:1052:6:HAL_PCD_IRQHandler	56	static
/home/dell/COL788/Assignment1/Optimized_Transformer_code-master/Drivers/STM32L4xx_HAL_Driver/Src/stm32l4xx_hal_pcd.c:1692:19:HAL_PCD_DevConnect	8	static
/home/dell/COL788/Assignment1/Optimized_Transformer_code-master/Drivers/STM32L4xx_HAL_Driver/Src/stm32l4xx_hal_pcd.c:1717:19:HAL_PCD_DevDisconnect	16	static
/home/dell/COL788/Assignment1/Optimized_Transformer_code-master/Drivers/STM32L4xx_HAL_Driver/Src/stm32l4xx_hal_pcd.c:1743:19:HAL_PCD_SetAddress	8	static
/home/dell/COL788/Assignment1/Optimized_Transformer_code-master/Drivers/STM32L4xx_HAL_Driver/Src/stm32l4xx_hal_pcd.c:1759:19:HAL_PCD_EP_Open	16	static
/home/dell/COL788/Assignment1/Optimized_Transformer_code-master/Drivers/STM32L4xx_HAL_Driver/Src/stm32l4xx_hal_pcd.c:1798:19:HAL_PCD_EP_Close	8	static
/home/dell/COL788/Assignment1/Optimized_Transformer_code-master/Drivers/STM32L4xx_HAL_Driver/Src/stm32l4xx_hal_pcd.c:1824:19:HAL_PCD_EP_Receive	16	static
/home/dell/COL788/Assignment1/Optimized_Transformer_code-master/Drivers/STM32L4xx_HAL_Driver/Src/stm32l4xx_hal_pcd.c:1852:10:HAL_PCD_EP_GetRxCount	0	static
/home/dell/COL788/Assignment1/Optimized_Transformer_code-master/Drivers/STM32L4xx_HAL_Driver/Src/stm32l4xx_hal_pcd.c:1863:19:HAL_PCD_EP_Transmit	16	static
/home/dell/COL788/Assignment1/Optimized_Transformer_code-master/Drivers/STM32L4xx_HAL_Driver/Src/stm32l4xx_hal_pcd.c:1895:19:HAL_PCD_EP_SetStall	16	static
/home/dell/COL788/Assignment1/Optimized_Transformer_code-master/Drivers/STM32L4xx_HAL_Driver/Src/stm32l4xx_hal_pcd.c:1932:19:HAL_PCD_EP_ClrStall	16	static
/home/dell/COL788/Assignment1/Optimized_Transformer_code-master/Drivers/STM32L4xx_HAL_Driver/Src/stm32l4xx_hal_pcd.c:1963:19:HAL_PCD_EP_Flush	8	static
/home/dell/COL788/Assignment1/Optimized_Transformer_code-master/Drivers/STM32L4xx_HAL_Driver/Src/stm32l4xx_hal_pcd.c:1983:19:HAL_PCD_ActivateRemoteWakeup	0	static
/home/dell/COL788/Assignment1/Optimized_Transformer_code-master/Drivers/STM32L4xx_HAL_Driver/Src/stm32l4xx_hal_pcd.c:1992:19:HAL_PCD_DeActivateRemoteWakeup	0	static
/home/dell/COL788/Assignment1/Optimized_Transformer_code-master/Drivers/STM32L4xx_HAL_Driver/Src/stm32l4xx_hal_pcd.c:2020:18:HAL_PCD_GetState	0	static
