/home/dell/COL788/Assignment1/Optimized_Transformer_code-master/tensorflow/tensorflow/lite/kernels/kernel_util.h:31:28:const TfLiteTensor* tflite::GetInput(const TfLiteContext*, const TfLiteNode*, int)	24	static
/home/dell/COL788/Assignment1/Optimized_Transformer_code-master/tensorflow/tensorflow/lite/kernels/kernel_util.h:43:22:TfLiteTensor* tflite::GetOutput(TfLiteContext*, const TfLiteNode*, int)	24	static
/home/dell/COL788/Assignment1/Optimized_Transformer_code-master/tensorflow/tensorflow/lite/kernels/kernel_util.h:60:12:int tflite::NumInputs(const TfLiteNode*)	16	static
/home/dell/COL788/Assignment1/Optimized_Transformer_code-master/tensorflow/tensorflow/lite/kernels/kernel_util.h:61:12:int tflite::NumOutputs(const TfLiteNode*)	16	static
/home/dell/COL788/Assignment1/Optimized_Transformer_code-master/tensorflow/tensorflow/lite/kernels/kernel_util.h:63:16:int64_t tflite::NumElements(const TfLiteIntArray*)	40	static
/home/dell/COL788/Assignment1/Optimized_Transformer_code-master/tensorflow/tensorflow/lite/kernels/kernel_util.h:71:16:int64_t tflite::NumElements(const TfLiteTensor*)	16	static
/home/dell/COL788/Assignment1/Optimized_Transformer_code-master/tensorflow/tensorflow/lite/micro/kernels/reshape.cc:30:14:TfLiteStatus tflite::ops::micro::reshape::ReshapeOutput(TfLiteContext*, TfLiteNode*)	72	static
/home/dell/COL788/Assignment1/Optimized_Transformer_code-master/tensorflow/tensorflow/lite/micro/kernels/reshape.cc:69:14:TfLiteStatus tflite::ops::micro::reshape::Prepare(TfLiteContext*, TfLiteNode*)	40	static
/home/dell/COL788/Assignment1/Optimized_Transformer_code-master/tensorflow/tensorflow/lite/micro/kernels/reshape.cc:76:14:TfLiteStatus tflite::ops::micro::reshape::Eval(TfLiteContext*, TfLiteNode*)	32	static
/home/dell/COL788/Assignment1/Optimized_Transformer_code-master/tensorflow/tensorflow/lite/micro/kernels/reshape.cc:92:20:TfLiteRegistration tflite::ops::micro::Register_RESHAPE()	24	static
