../AudioLoop/User/stm32l4xx_it.c:27:6:NMI_Handler	0	static
../AudioLoop/User/stm32l4xx_it.c:36:6:HardFault_Handler	0	static
../AudioLoop/User/stm32l4xx_it.c:58:6:SysTick_Handler	8	static
../AudioLoop/User/stm32l4xx_it.c:77:6:DMA1_Channel4_IRQHandler	0	static
../AudioLoop/User/stm32l4xx_it.c:88:6:DMA2_Channel3_IRQHandler	0	static
../AudioLoop/User/stm32l4xx_it.c:98:6:OTG_FS_IRQHandler	0	static
../AudioLoop/User/stm32l4xx_it.c:103:6:TIM3_IRQHandler	0	static
../AudioLoop/User/stm32l4xx_it.c:108:6:TIM1_CC_IRQHandler	0	static
