/home/dell/COL788/COL788/Assignment1/Optimized_Transformer_code-master/Src/syscalls.c:35:9:_sbrk	8	static
/home/dell/COL788/COL788/Assignment1/Optimized_Transformer_code-master/Src/syscalls.c:71:5:_gettimeofday	0	static
/home/dell/COL788/COL788/Assignment1/Optimized_Transformer_code-master/Src/syscalls.c:82:6:initialise_monitor_handles	0	static
/home/dell/COL788/COL788/Assignment1/Optimized_Transformer_code-master/Src/syscalls.c:86:5:_getpid	0	static
/home/dell/COL788/COL788/Assignment1/Optimized_Transformer_code-master/Src/syscalls.c:91:5:_kill	8	static
/opt/st/stm32cubeide_1.13.2/plugins/com.st.stm32cube.ide.mcu.externaltools.gnu-tools-for-stm32.11.3.rel1.linux64_1.1.1.202309131626/tools/arm-none-eabi/include/sys/unistd.h:18:6:_exit	8	static
/home/dell/COL788/COL788/Assignment1/Optimized_Transformer_code-master/Src/syscalls.c:103:5:_write	16	static
/home/dell/COL788/COL788/Assignment1/Optimized_Transformer_code-master/Src/syscalls.c:114:5:_close	0	static
/home/dell/COL788/COL788/Assignment1/Optimized_Transformer_code-master/Src/syscalls.c:119:5:_fstat	0	static
/home/dell/COL788/COL788/Assignment1/Optimized_Transformer_code-master/Src/syscalls.c:125:5:_isatty	0	static
/home/dell/COL788/COL788/Assignment1/Optimized_Transformer_code-master/Src/syscalls.c:130:5:_lseek	0	static
/home/dell/COL788/COL788/Assignment1/Optimized_Transformer_code-master/Src/syscalls.c:135:5:_read	8	static
/home/dell/COL788/COL788/Assignment1/Optimized_Transformer_code-master/Src/syscalls.c:142:5:_open	0	static
/opt/st/stm32cubeide_1.13.2/plugins/com.st.stm32cube.ide.mcu.externaltools.gnu-tools-for-stm32.11.3.rel1.linux64_1.1.1.202309131626/tools/arm-none-eabi/include/sys/wait.h:38:7:_wait	8	static
/home/dell/COL788/COL788/Assignment1/Optimized_Transformer_code-master/Src/syscalls.c:154:5:_unlink	8	static
/home/dell/COL788/COL788/Assignment1/Optimized_Transformer_code-master/Src/syscalls.c:160:5:_times	0	static
/home/dell/COL788/COL788/Assignment1/Optimized_Transformer_code-master/Src/syscalls.c:165:5:_stat	0	static
/home/dell/COL788/COL788/Assignment1/Optimized_Transformer_code-master/Src/syscalls.c:171:5:_link	8	static
/home/dell/COL788/COL788/Assignment1/Optimized_Transformer_code-master/Src/syscalls.c:177:5:_fork	8	static
/home/dell/COL788/COL788/Assignment1/Optimized_Transformer_code-master/Src/syscalls.c:183:5:_execve	8	static
